// Jest Snapshot v1, https://goo.gl/fbAQLP

exports[`Workshop12 renders Workshop12 unchanged 1`] = `
<div>
  <div
    class="flex flex-col px-4 lg:px-6 gap-6"
  >
    <div
      class="flex flex-col items-center gap-4"
    >
      <div
        class="flex flex-col items-center gap-4"
      >
        <div
          class="flex items-center space-x-2"
        >
          <button
            aria-checked="false"
            class="peer data-[state=checked]:bg-primary data-[state=unchecked]:bg-input focus-visible:border-ring focus-visible:ring-ring/50 dark:data-[state=unchecked]:bg-input/80 inline-flex h-[1.15rem] w-8 shrink-0 items-center rounded-full border border-transparent shadow-xs transition-all outline-none focus-visible:ring-[3px] disabled:cursor-not-allowed disabled:opacity-50"
            data-slot="switch"
            data-state="unchecked"
            id="toggle-counter-controlled"
            role="switch"
            type="button"
            value="on"
          >
            <span
              class="bg-background dark:data-[state=unchecked]:bg-foreground dark:data-[state=checked]:bg-primary-foreground pointer-events-none block size-4 rounded-full ring-0 transition-transform data-[state=checked]:translate-x-[calc(100%-2px)] data-[state=unchecked]:translate-x-0"
              data-slot="switch-thumb"
              data-state="unchecked"
            />
          </button>
          <label
            class="flex items-center gap-2 text-sm leading-none font-medium select-none group-data-[disabled=true]:pointer-events-none group-data-[disabled=true]:opacity-50 peer-disabled:cursor-not-allowed peer-disabled:opacity-50"
            data-slot="label"
            for="toggle-counter-controlled"
          >
            Show
             Counter
          </label>
        </div>
      </div>
    </div>
  </div>
</div>
`;
